<?xml version="1.0"?>
<testsuites tests="3" failures="0">
<testsuite name="k6 thresholds" tests="3" failures="0"><testcase name="iterations - rate &gt;= 0.01" />
<testcase name="http_req_duration - avg &lt;= 3000" />
<testcase name="http_req_failed - rate &lt;= 0.03" />
</testsuite >
</testsuites >